  |                                                                         |                                                                 |   0%  |                                                                         |.                                                                |   1%
   inline R code fragments

  |                                                                         |..                                                               |   3%
label: unnamed-chunk-1
  |                                                                         |...                                                              |   4%
  ordinary text without R code

  |                                                                         |....                                                             |   6%
label: unnamed-chunk-2
  |                                                                         |.....                                                            |   7%
  ordinary text without R code

  |                                                                         |......                                                           |   9%
label: unnamed-chunk-3
  |                                                                         |.......                                                          |  10%
  ordinary text without R code

  |                                                                         |........                                                         |  12%
label: unnamed-chunk-4
  |                                                                         |.........                                                        |  13%
  ordinary text without R code

  |                                                                         |..........                                                       |  15%
label: unnamed-chunk-5
  |                                                                         |...........                                                      |  16%
  ordinary text without R code

  |                                                                         |...........                                                      |  18%
label: unnamed-chunk-6
  |                                                                         |............                                                     |  19%
  ordinary text without R code

  |                                                                         |.............                                                    |  21%
label: unnamed-chunk-7
  |                                                                         |..............                                                   |  22%
  ordinary text without R code

  |                                                                         |...............                                                  |  24%
label: unnamed-chunk-8
  |                                                                         |................                                                 |  25%
  ordinary text without R code

  |                                                                         |.................                                                |  26%
label: unnamed-chunk-9
  |                                                                         |..................                                               |  28%
  ordinary text without R code

  |                                                                         |...................                                              |  29%
label: unnamed-chunk-10
  |                                                                         |....................                                             |  31%
  ordinary text without R code

  |                                                                         |.....................                                            |  32%
label: unnamed-chunk-11
  |                                                                         |......................                                           |  34%
  ordinary text without R code

  |                                                                         |.......................                                          |  35%
label: unnamed-chunk-12
  |                                                                         |........................                                         |  37%
  ordinary text without R code

  |                                                                         |.........................                                        |  38%
label: unnamed-chunk-13
  |                                                                         |..........................                                       |  40%
  ordinary text without R code

  |                                                                         |...........................                                      |  41%
label: unnamed-chunk-14
  |                                                                         |............................                                     |  43%
  ordinary text without R code

  |                                                                         |.............................                                    |  44%
label: unnamed-chunk-15
  |                                                                         |..............................                                   |  46%
  ordinary text without R code

  |                                                                         |...............................                                  |  47%
label: unnamed-chunk-16
  |                                                                         |................................                                 |  49%
  ordinary text without R code

  |                                                                         |................................                                 |  50%
label: unnamed-chunk-17
  |                                                                         |.................................                                |  51%
  ordinary text without R code

  |                                                                         |..................................                               |  53%
label: unnamed-chunk-18
  |                                                                         |...................................                              |  54%
  ordinary text without R code

  |                                                                         |....................................                             |  56%
label: unnamed-chunk-19
  |                                                                         |.....................................                            |  57%
  ordinary text without R code

  |                                                                         |......................................                           |  59%
label: unnamed-chunk-20
  |                                                                         |.......................................                          |  60%
  ordinary text without R code

  |                                                                         |........................................                         |  62%
label: unnamed-chunk-21
  |                                                                         |.........................................                        |  63%
  ordinary text without R code

  |                                                                         |..........................................                       |  65%
label: unnamed-chunk-22
  |                                                                         |...........................................                      |  66%
  ordinary text without R code

  |                                                                         |............................................                     |  68%
label: unnamed-chunk-23
  |                                                                         |.............................................                    |  69%
  ordinary text without R code

  |                                                                         |..............................................                   |  71%
label: unnamed-chunk-24
  |                                                                         |...............................................                  |  72%
  ordinary text without R code

  |                                                                         |................................................                 |  74%
label: unnamed-chunk-25
  |                                                                         |.................................................                |  75%
  ordinary text without R code

  |                                                                         |..................................................               |  76%
label: unnamed-chunk-26
  |                                                                         |...................................................              |  78%
  ordinary text without R code

  |                                                                         |....................................................             |  79%
label: unnamed-chunk-27
  |                                                                         |.....................................................            |  81%
  ordinary text without R code

  |                                                                         |......................................................           |  82%
label: unnamed-chunk-28
  |                                                                         |......................................................           |  84%
  ordinary text without R code

  |                                                                         |.......................................................          |  85%
label: unnamed-chunk-29
  |                                                                         |........................................................         |  87%
  ordinary text without R code

  |                                                                         |.........................................................        |  88%
label: unnamed-chunk-30
  |                                                                         |..........................................................       |  90%
  ordinary text without R code

  |                                                                         |...........................................................      |  91%
label: unnamed-chunk-31
  |                                                                         |............................................................     |  93%
  ordinary text without R code

  |                                                                         |.............................................................    |  94%
label: unnamed-chunk-32
  |                                                                         |..............................................................   |  96%
  ordinary text without R code

  |                                                                         |...............................................................  |  97%
label: unnamed-chunk-33
  |                                                                         |................................................................ |  99%
  ordinary text without R code

  |                                                                         |.................................................................| 100%
label: unnamed-chunk-34

[1] "index.md"
[1] TRUE
